// Vitest Snapshot v1, https://vitest.dev/guide/snapshot.html

exports[`Tonal Palette Creation > mapPaletteTones > matches default tones snapshot 1`] = `
{
  "0": 4278190080,
  "10": 4278395136,
  "100": 4294967295,
  "20": 4278728960,
  "30": 4279194368,
  "40": 4279725568,
  "50": 4280715532,
  "60": 4282688810,
  "70": 4284465220,
  "80": 4286242140,
  "90": 4288019061,
  "95": 4291559349,
  "99": 4294442989,
}
`;
